// Vitest Snapshot v1, https://vitest.dev/guide/snapshot.html

exports[`ProfilePageContainer > matches snapshot 1`] = `
<div
  data-actions-count="9"
  data-active-page="notifications"
  data-filter-bar-page="notifications"
  data-is-loading="false"
  data-profile="{\\"name\\":\\"Test User\\",\\"bio\\":\\"Test bio\\",\\"publicKey\\":\\"pubkyuser123\\",\\"emoji\\":\\"🌴\\",\\"status\\":\\"Available\\",\\"avatarUrl\\":\\"https://example.com/avatar.jpg\\",\\"link\\":\\"https://example.com/profile/user123\\"}"
  data-stats="{\\"notifications\\":5,\\"posts\\":10,\\"replies\\":3,\\"followers\\":100,\\"following\\":50,\\"friends\\":25,\\"tagged\\":7}"
  data-testid="profile-page-layout"
>
  <div>
    Test Content
  </div>
</div>
`;
