// Vitest Snapshot v1, https://vitest.dev/guide/snapshot.html

exports[`ProfileTagged - Snapshots > matches snapshot 1`] = `
<div
  class="mx-auto w-full flex-col flex gap-3"
  data-testid="container"
>
  <h5
    class="text-2xl leading-normal font-light text-muted-foreground lg:hidden"
    data-testid="heading-5"
  >
    Tagged (
    1
    )
  </h5>
  <div
    data-testid="tagged-section"
  >
    TaggedSection
  </div>
</div>
`;

exports[`ProfileTagged - Snapshots > matches snapshot for empty state 1`] = `
<div
  data-testid="tagged-empty"
>
  TaggedEmpty
</div>
`;

exports[`ProfileTagged - Snapshots > matches snapshot for loading state 1`] = `
<div
  class="mx-auto w-full flex-col flex gap-3"
  data-testid="container"
>
  <div
    class="animate-pulse bg-muted h-7 w-32 rounded-md"
    data-slot="skeleton"
  />
  <div
    class="flex flex-wrap gap-2"
    data-testid="container"
  >
    <div
      class="animate-pulse bg-muted h-8 w-20 rounded-full"
      data-slot="skeleton"
    />
    <div
      class="animate-pulse bg-muted h-8 w-20 rounded-full"
      data-slot="skeleton"
    />
    <div
      class="animate-pulse bg-muted h-8 w-20 rounded-full"
      data-slot="skeleton"
    />
    <div
      class="animate-pulse bg-muted h-8 w-20 rounded-full"
      data-slot="skeleton"
    />
  </div>
</div>
`;
