// Vitest Snapshot v1, https://vitest.dev/guide/snapshot.html

exports[`CollectionItems - Snapshots > matches the owner non-empty snapshot with Add Content CTA above the feed 1`] = `
<div
  class="flex w-full flex-col gap-6"
  data-testid="container"
>
  <div
    data-has-empty-state="true"
    data-testid="timeline-feed"
    data-variant="collection"
  >
    <div
      class="grid grid-cols-1 md:grid-cols-2 xl:grid-cols-3 gap-3 lg:gap-6"
      data-cy="collection-add-content"
      data-testid="container"
    >
      <button
        aria-controls="radix-normalized"
        aria-expanded="false"
        aria-haspopup="dialog"
        aria-label="collections.single.addContent"
        class="flex h-39 w-full cursor-pointer items-center justify-center gap-2 rounded-md border border-dashed border-input p-6 text-muted-foreground transition-colors outline-none hover:border-foreground hover:text-foreground focus:outline-none focus-visible:ring-0 focus-visible:outline-none"
        data-as-child="true"
        data-cy="add-content-cta"
        data-slot="dialog-trigger"
        data-state="closed"
        data-testid="dialog-trigger"
        type="button"
      >
        <svg
          aria-hidden="true"
          class="lucide lucide-plus size-3 shrink-0"
          fill="none"
          height="24"
          stroke="currentColor"
          stroke-linecap="round"
          stroke-linejoin="round"
          stroke-width="2"
          viewBox="0 0 24 24"
          width="24"
          xmlns="http://www.w3.org/2000/svg"
        >
          <path
            d="M5 12h14"
          />
          <path
            d="M12 5v14"
          />
        </svg>
        <span
          class="text-sm font-bold"
          data-testid="typography"
        >
          collections.single.addContent
        </span>
      </button>
    </div>
  </div>
</div>
`;
