// Vitest Snapshot v1, https://vitest.dev/guide/snapshot.html

exports[`TagsOfInterestHeader - Snapshots > matches snapshot 1`] = `
<div
  class="mx-auto w-full flex-col flex gap-3 pt-2 pb-6"
  data-testid="container"
>
  <h1
    class="font-bold text-foreground text-5xl lg:text-6xl"
    data-testid="heading-1"
  >
    Tags of
    <span
      class="text-brand"
    >
       interest.
    </span>
  </h1>
  <h2
    class="text-xl leading-normal font-light text-muted-foreground lg:text-2xl"
  >
    Select topics to get suggestions on who to follow.
  </h2>
</div>
`;
